C51 COMPILER V9.60.0.0   LAB8T                                                             11/29/2022 17:48:33 PAGE 1   


C51 COMPILER V9.60.0.0, COMPILATION OF MODULE LAB8T
OBJECT MODULE PLACED IN .\Objects\lab8t.obj
COMPILER INVOKED BY: C:\Keil_v5\C51\BIN\C51.EXE lab8t.c OPTIMIZE(8,SPEED) BROWSE DEBUG OBJECTEXTEND PRINT(.\Listings\lab
                    -8t.lst) TABS(2) OBJECT(.\Objects\lab8t.obj)

line level    source

   1          #include "regx51.h"
   2          
   3          void init_uart(void);
   4          void delay(int t);
   5          char recivevalue;
   6          char n[9]="E94096110";
   7          char n_1[9]="e94096110";
   8          int check=0;
   9          int retu=1;
  10          void main()
  11          {
  12   1        init_uart();
  13   1        while(1);
  14   1      }
  15          void init_uart(void)
  16          {
  17   1          SCON=0x50;
  18   1          TMOD=0x20;
  19   1          TH1=0xe6;
  20   1          TR1=1;
  21   1          IE=0x90;
  22   1      }
  23          void UART_Isr(void) interrupt 4
  24          {
  25   1          if(RI==1)
  26   1          {
  27   2                      RI=0;
  28   2                      if((n[check]!=SBUF)&&(n_1[check]!=SBUF))
  29   2                          retu=0;
  30   2                      check++;
  31   2                      if(check>=9){
  32   3                          if(retu==1){
  33   4                              SBUF='\n';
  34   4                              delay(8000);
  35   4                              SBUF='\r';
  36   4                              delay(8000);
  37   4                              SBUF='C';
  38   4                              delay(8000);
  39   4                              SBUF='O';
  40   4                              delay(8000);
  41   4                              SBUF='R';
  42   4                              delay(8000);
  43   4                              SBUF='R';
  44   4                              delay(8000);
  45   4                              SBUF='E';
  46   4                              delay(8000);
  47   4                              SBUF='C';
  48   4                              delay(8000);
  49   4                              SBUF='T';
  50   4                              delay(8000);
  51   4                              SBUF='\n';
  52   4                              delay(8000);
  53   4                              SBUF='\r';
  54   4                              check=0;
C51 COMPILER V9.60.0.0   LAB8T                                                             11/29/2022 17:48:33 PAGE 2   

  55   4                          }
  56   3                              else{
  57   4                                  SBUF='\n';
  58   4                                  delay(8000);
  59   4                                  SBUF='\r';
  60   4                                  delay(8000);                          
  61   4                                  SBUF='W';
  62   4                                  delay(8000);
  63   4                                  SBUF='R';
  64   4                                  delay(8000);
  65   4                                  SBUF='O';
  66   4                                  delay(8000);
  67   4                                  SBUF='N';
  68   4                                  delay(8000);
  69   4                                  SBUF='G';
  70   4                                  delay(8000);
  71   4                              SBUF='\n';
  72   4                              delay(8000);
  73   4                              SBUF='\r';
  74   4                                  check=0;
  75   4                                  retu=1;
  76   4                              }
  77   3                  }
  78   2          }
  79   1          if(TI==1)
  80   1          {
  81   2              TI=0;
  82   2          }
  83   1        recivevalue=SBUF;
  84   1        P2 = recivevalue;
  85   1      }
  86          
  87          
  88          void delay(int t)
  89          {
  90   1          for (; t>0; t--);
  91   1          }


MODULE INFORMATION:   STATIC OVERLAYABLE
   CODE SIZE        =    299    ----
   CONSTANT SIZE    =   ----    ----
   XDATA SIZE       =   ----    ----
   PDATA SIZE       =   ----    ----
   DATA SIZE        =     23    ----
   IDATA SIZE       =   ----    ----
   BIT SIZE         =   ----    ----
END OF MODULE INFORMATION.


C51 COMPILATION COMPLETE.  0 WARNING(S),  0 ERROR(S)
