A51 MACRO ASSEMBLER  1_2                                                                  10/01/2022 23:53:05 PAGE     1


MACRO ASSEMBLER A51 V8.2.7.0
OBJECT MODULE PLACED IN .\Objects\1-2.obj
ASSEMBLER INVOKED BY: C:\Keil_v5\C51\BIN\A51.EXE ..\lad1.1\1-2.A51 SET(SMALL) DEBUG PRINT(.\Listings\1-2.lst) OBJECT(.\O
                      bjects\1-2.obj) EP

LOC  OBJ            LINE     SOURCE

0000                   1                      ORG 00H                        ;start address is 0
0000 90001E            2                      MOV DPTR,#TABLE        ;DPTR point to TABLE
0003 7804              3     START:   MOV R0,#4                      ;4 LED
0005 7900              4                      MOV R1,#0                      ;table index
0007 7AFE              5                      MOV R2,#0FEH           ;LED DRIVE PIN
0009 8AA0              6     LOOP:    MOV P2,R2
000B E9                7                      MOV A,R1
000C 93                8                      MOVC A,@A+DPTR
000D F590              9                      MOV P1,A
000F 1119             10                      CALL DELAY
0011 09               11                      INC R1
0012 EA               12                      MOV A,R2
0013 23               13                      RL A
0014 FA               14                      MOV R2,A
0015 D8F2             15                      DJNZ R0,LOOP
0017 80EA             16                      SJMP START
0019 7BFA             17     DELAY:   MOV R3,#250
001B DBFE             18                      DJNZ R3,$
001D 22               19                      RET
001E C0               20     TABLE:   DB 0C0H
001F F9               21                      DB 0F9H
0020 A4               22                      DB 0A4H
0021 B0               23                      DB 0B0H
                      24                      END
A51 MACRO ASSEMBLER  1_2                                                                  10/01/2022 23:53:05 PAGE     2

SYMBOL TABLE LISTING
------ ----- -------


N A M E             T Y P E  V A L U E   ATTRIBUTES

DELAY. . . . . . .  C ADDR   0019H   A   
LOOP . . . . . . .  C ADDR   0009H   A   
P1 . . . . . . . .  D ADDR   0090H   A   
P2 . . . . . . . .  D ADDR   00A0H   A   
START. . . . . . .  C ADDR   0003H   A   
TABLE. . . . . . .  C ADDR   001EH   A   


REGISTER BANK(S) USED: 0 


ASSEMBLY COMPLETE.  0 WARNING(S), 0 ERROR(S)
